// Jest Snapshot v1, https://goo.gl/fbAQLP

exports[`Testing Footer  should should render correctly 1`] = `
<footer>
  Â© 2018 Code Fellows
</footer>
`;

exports[`Testing Header  should should render correctly 1`] = `
<header>
  <h1>
    Header
  </h1>
</header>
`;

exports[`should render correctly 1`] = `
<div
  className="counter"
>
  <h4
    className="error"
  >
    0
  </h4>
  <button
    className="incrementButton"
    onClick={[Function]}
  >
    Increment me!
  </button>
  <button
    className="decrementButton"
    onClick={[Function]}
  >
    Decrement me!
  </button>
</div>
`;
